This is pdfTeX, Version 3.141592653-2.6-1.40.26 (TeX Live 2025/dev/Debian) (preloaded format=pdflatex 2026.9.14)  21 SEP 2026 17:31
entering extended mode
 restricted \write18 enabled.
 %&-line parsing enabled.
**docs/Documento.tex
(./docs/Documento.tex
LaTeX2e <2024-11-01> patch level 2
L3 programming layer <2025-01-18>
(/usr/share/texlive/texmf-dist/tex/latex/base/article.cls
Document Class: article 2024/06/29 v1.4n Standard LaTeX document class
(/usr/share/texlive/texmf-dist/tex/latex/base/size12.clo
File: size12.clo 2024/06/29 v1.4n Standard LaTeX file (size option)
)
\c@part=\count196
\c@section=\count197
\c@subsection=\count198
\c@subsubsection=\count199
\c@paragraph=\count266
\c@subparagraph=\count267
\c@figure=\count268
\c@table=\count269
\abovecaptionskip=\skip49
\belowcaptionskip=\skip50
\bibindent=\dimen141
)
(/usr/share/texlive/texmf-dist/tex/latex/base/inputenc.sty
Package: inputenc 2024/02/08 v1.3d Input encoding file
\inpenc@prehook=\toks17
\inpenc@posthook=\toks18
)
(/usr/share/texlive/texmf-dist/tex/latex/graphics/graphicx.sty
Package: graphicx 2021/09/16 v1.2d Enhanced LaTeX Graphics (DPC,SPQR)

(/usr/share/texlive/texmf-dist/tex/latex/graphics/keyval.sty
Package: keyval 2022/05/29 v1.15 key=value parser (DPC)
\KV@toks@=\toks19
)
(/usr/share/texlive/texmf-dist/tex/latex/graphics/graphics.sty
Package: graphics 2024/08/06 v1.4g Standard LaTeX Graphics (DPC,SPQR)

(/usr/share/texlive/texmf-dist/tex/latex/graphics/trig.sty
Package: trig 2023/12/02 v1.11 sin cos tan (DPC)
)
(/usr/share/texlive/texmf-dist/tex/latex/graphics-cfg/graphics.cfg
File: graphics.cfg 2016/06/04 v1.11 sample graphics configuration
)
Package graphics Info: Driver file: pdftex.def on input line 106.

(/usr/share/texlive/texmf-dist/tex/latex/graphics-def/pdftex.def
File: pdftex.def 2024/04/13 v1.2c Graphics/color driver for pdftex
))
\Gin@req@height=\dimen142
\Gin@req@width=\dimen143
)
(/usr/share/texlive/texmf-dist/tex/latex/geometry/geometry.sty
Package: geometry 2020/01/02 v5.9 Page Geometry

(/usr/share/texlive/texmf-dist/tex/generic/iftex/ifvtex.sty
Package: ifvtex 2019/10/25 v1.7 ifvtex legacy package. Use iftex instead.

(/usr/share/texlive/texmf-dist/tex/generic/iftex/iftex.sty
Package: iftex 2024/12/12 v1.0g TeX engine tests
))
\Gm@cnth=\count270
\Gm@cntv=\count271
\c@Gm@tempcnt=\count272
\Gm@bindingoffset=\dimen144
\Gm@wd@mp=\dimen145
\Gm@odd@mp=\dimen146
\Gm@even@mp=\dimen147
\Gm@layoutwidth=\dimen148
\Gm@layoutheight=\dimen149
\Gm@layouthoffset=\dimen150
\Gm@layoutvoffset=\dimen151
\Gm@dimlist=\toks20
)
(/usr/share/texlive/texmf-dist/tex/latex/setspace/setspace.sty
Package: setspace 2022/12/04 v6.7b set line spacing
)
(/usr/share/texlive/texmf-dist/tex/latex/tools/tabularx.sty
Package: tabularx 2023/12/11 v2.12a `tabularx' package (DPC)

(/usr/share/texlive/texmf-dist/tex/latex/tools/array.sty
Package: array 2024/10/17 v2.6g Tabular extension package (FMi)
\col@sep=\dimen152
\ar@mcellbox=\box52
\extrarowheight=\dimen153
\NC@list=\toks21
\extratabsurround=\skip51
\backup@length=\skip52
\ar@cellbox=\box53
)
\TX@col@width=\dimen154
\TX@old@table=\dimen155
\TX@old@col=\dimen156
\TX@target=\dimen157
\TX@delta=\dimen158
\TX@cols=\count273
\TX@ftn=\toks22
)
(/usr/share/texlive/texmf-dist/tex/latex/tocloft/tocloft.sty
Package: tocloft 2017/08/31 v2.3i parameterised ToC, etc., typesetting
Package tocloft Info: The document has section divisions on input line 51.
\cftparskip=\skip53
\cftbeforetoctitleskip=\skip54
\cftaftertoctitleskip=\skip55
\cftbeforepartskip=\skip56
\cftpartnumwidth=\skip57
\cftpartindent=\skip58
\cftbeforesecskip=\skip59
\cftsecindent=\skip60
\cftsecnumwidth=\skip61
\cftbeforesubsecskip=\skip62
\cftsubsecindent=\skip63
\cftsubsecnumwidth=\skip64
\cftbeforesubsubsecskip=\skip65
\cftsubsubsecindent=\skip66
\cftsubsubsecnumwidth=\skip67
\cftbeforeparaskip=\skip68
\cftparaindent=\skip69
\cftparanumwidth=\skip70
\cftbeforesubparaskip=\skip71
\cftsubparaindent=\skip72
\cftsubparanumwidth=\skip73
\cftbeforeloftitleskip=\skip74
\cftafterloftitleskip=\skip75
\cftbeforefigskip=\skip76
\cftfigindent=\skip77
\cftfignumwidth=\skip78
\c@lofdepth=\count274
\c@lotdepth=\count275
\cftbeforelottitleskip=\skip79
\cftafterlottitleskip=\skip80
\cftbeforetabskip=\skip81
\cfttabindent=\skip82
\cfttabnumwidth=\skip83
)
(/usr/share/texlive/texmf-dist/tex/latex/amsmath/amsmath.sty
Package: amsmath 2024/11/05 v2.17t AMS math features
\@mathmargin=\skip84

For additional information on amsmath, use the `?' option.
(/usr/share/texlive/texmf-dist/tex/latex/amsmath/amstext.sty
Package: amstext 2021/08/26 v2.01 AMS text

(/usr/share/texlive/texmf-dist/tex/latex/amsmath/amsgen.sty
File: amsgen.sty 1999/11/30 v2.0 generic functions
\@emptytoks=\toks23
\ex@=\dimen159
))
(/usr/share/texlive/texmf-dist/tex/latex/amsmath/amsbsy.sty
Package: amsbsy 1999/11/29 v1.2d Bold Symbols
\pmbraise@=\dimen160
)
(/usr/share/texlive/texmf-dist/tex/latex/amsmath/amsopn.sty
Package: amsopn 2022/04/08 v2.04 operator names
)
\inf@bad=\count276
LaTeX Info: Redefining \frac on input line 233.
\uproot@=\count277
\leftroot@=\count278
LaTeX Info: Redefining \overline on input line 398.
LaTeX Info: Redefining \colon on input line 409.
\classnum@=\count279
\DOTSCASE@=\count280
LaTeX Info: Redefining \ldots on input line 495.
LaTeX Info: Redefining \dots on input line 498.
LaTeX Info: Redefining \cdots on input line 619.
\Mathstrutbox@=\box54
\strutbox@=\box55
LaTeX Info: Redefining \big on input line 721.
LaTeX Info: Redefining \Big on input line 722.
LaTeX Info: Redefining \bigg on input line 723.
LaTeX Info: Redefining \Bigg on input line 724.
\big@size=\dimen161
LaTeX Font Info:    Redeclaring font encoding OML on input line 742.
LaTeX Font Info:    Redeclaring font encoding OMS on input line 743.
\macc@depth=\count281
LaTeX Info: Redefining \bmod on input line 904.
LaTeX Info: Redefining \pmod on input line 909.
LaTeX Info: Redefining \smash on input line 939.
LaTeX Info: Redefining \relbar on input line 969.
LaTeX Info: Redefining \Relbar on input line 970.
\c@MaxMatrixCols=\count282
\dotsspace@=\muskip17
\c@parentequation=\count283
\dspbrk@lvl=\count284
\tag@help=\toks24
\row@=\count285
\column@=\count286
\maxfields@=\count287
\andhelp@=\toks25
\eqnshift@=\dimen162
\alignsep@=\dimen163
\tagshift@=\dimen164
\tagwidth@=\dimen165
\totwidth@=\dimen166
\lineht@=\dimen167
\@envbody=\toks26
\multlinegap=\skip85
\multlinetaggap=\skip86
\mathdisplay@stack=\toks27
LaTeX Info: Redefining \[ on input line 2953.
LaTeX Info: Redefining \] on input line 2954.
)
(/usr/share/texlive/texmf-dist/tex/latex/amsfonts/amssymb.sty
Package: amssymb 2013/01/14 v3.01 AMS font symbols

(/usr/share/texlive/texmf-dist/tex/latex/amsfonts/amsfonts.sty
Package: amsfonts 2013/01/14 v3.01 Basic AMSFonts support
\symAMSa=\mathgroup4
\symAMSb=\mathgroup5
LaTeX Font Info:    Redeclaring math symbol \hbar on input line 98.
LaTeX Font Info:    Overwriting math alphabet `\mathfrak' in version `bold'
(Font)                  U/euf/m/n --> U/euf/b/n on input line 106.
))
(/usr/share/texlive/texmf-dist/tex/latex/l3backend/l3backend-pdftex.def
File: l3backend-pdftex.def 2024-05-08 L3 backend support: PDF output (pdfTeX)
\l__color_backend_stack_int=\count288
\l__pdf_internal_box=\box56
)
(./Documento.aux)
\openout1 = `Documento.aux'.

LaTeX Font Info:    Checking defaults for OML/cmm/m/it on input line 25.
LaTeX Font Info:    ... okay on input line 25.
LaTeX Font Info:    Checking defaults for OMS/cmsy/m/n on input line 25.
LaTeX Font Info:    ... okay on input line 25.
LaTeX Font Info:    Checking defaults for OT1/cmr/m/n on input line 25.
LaTeX Font Info:    ... okay on input line 25.
LaTeX Font Info:    Checking defaults for T1/cmr/m/n on input line 25.
LaTeX Font Info:    ... okay on input line 25.
LaTeX Font Info:    Checking defaults for TS1/cmr/m/n on input line 25.
LaTeX Font Info:    ... okay on input line 25.
LaTeX Font Info:    Checking defaults for OMX/cmex/m/n on input line 25.
LaTeX Font Info:    ... okay on input line 25.
LaTeX Font Info:    Checking defaults for U/cmr/m/n on input line 25.
LaTeX Font Info:    ... okay on input line 25.

(/usr/share/texlive/texmf-dist/tex/context/base/mkii/supp-pdf.mkii
[Loading MPS to PDF converter (version 2006.09.02).]
\scratchcounter=\count289
\scratchdimen=\dimen168
\scratchbox=\box57
\nofMPsegments=\count290
\nofMParguments=\count291
\everyMPshowfont=\toks28
\MPscratchCnt=\count292
\MPscratchDim=\dimen169
\MPnumerator=\count293
\makeMPintoPDFobject=\count294
\everyMPtoPDFconversion=\toks29
) (/usr/share/texlive/texmf-dist/tex/latex/epstopdf-pkg/epstopdf-base.sty
Package: epstopdf-base 2020-01-24 v2.11 Base part for package epstopdf
Package epstopdf-base Info: Redefining graphics rule for `.eps' on input line 4
85.

(/usr/share/texlive/texmf-dist/tex/latex/latexconfig/epstopdf-sys.cfg
File: epstopdf-sys.cfg 2010/07/13 v1.3 Configuration of (r)epstopdf for TeX Liv
e
))
*geometry* driver: auto-detecting
*geometry* detected driver: pdftex
*geometry* verbose mode - [ preamble ] result:
* driver: pdftex
* paper: letterpaper
* layout: <same size as paper>
* layoutoffset:(h,v)=(0.0pt,0.0pt)
* modes: 
* h-part:(L,W,R)=(85.35826pt, 443.57848pt, 85.35826pt)
* v-part:(T,H,B)=(71.13188pt, 652.70622pt, 71.13188pt)
* \paperwidth=614.295pt
* \paperheight=794.96999pt
* \textwidth=443.57848pt
* \textheight=652.70622pt
* \oddsidemargin=13.08827pt
* \evensidemargin=13.08827pt
* \topmargin=-38.1381pt
* \headheight=12.0pt
* \headsep=25.0pt
* \topskip=12.0pt
* \footskip=30.0pt
* \marginparwidth=44.0pt
* \marginparsep=10.0pt
* \columnsep=10.0pt
* \skip\footins=10.8pt plus 4.0pt minus 2.0pt
* \hoffset=0.0pt
* \voffset=0.0pt
* \mag=1000
* \@twocolumnfalse
* \@twosidefalse
* \@mparswitchfalse
* \@reversemarginfalse
* (1in=72.27pt=25.4mm, 1cm=28.453pt)


! LaTeX Error: Can be used only in preamble.

See the LaTeX manual or LaTeX Companion for explanation.
Type  H <return>  for immediate help.
 ...                                              
                                                  
l.28 \usepackage
                {tocloft}
Your command was ignored.
Type  I <command> <return>  to replace it with another command,
or  <return>  to continue without it.


! LaTeX Error: Can be used only in preamble.

See the LaTeX manual or LaTeX Companion for explanation.
Type  H <return>  for immediate help.
 ...                                              
                                                  
l.29 \usepackage
                {amsmath,amssymb}
Your command was ignored.
Type  I <command> <return>  to replace it with another command,
or  <return>  to continue without it.



[1

{/var/lib/texmf/fonts/map/pdftex/updmap/pdftex.map}]
<docs/Figuras/UpsaLogo.png, id=8, 339.2675pt x 149.55875pt>
File: docs/Figuras/UpsaLogo.png Graphic file (type png)
<use docs/Figuras/UpsaLogo.png>
Package pdftex.def Info: docs/Figuras/UpsaLogo.png  used on input line 57.
(pdftex.def)             Requested size: 186.30214pt x 82.12747pt.


[1 <./docs/Figuras/UpsaLogo.png>]
File: docs/Figuras/UpsaLogo.png Graphic file (type png)
<use docs/Figuras/UpsaLogo.png>
Package pdftex.def Info: docs/Figuras/UpsaLogo.png  used on input line 102.
(pdftex.def)             Requested size: 186.30214pt x 82.12747pt.


[1

]

[1] (/usr/share/texlive/texmf-dist/tex/latex/amsfonts/umsa.fd)
(/usr/share/texlive/texmf-dist/tex/latex/amsfonts/umsb.fd)

[2

]

[3

] (./Documento.toc

[4

]

[5])
\tf@toc=\write3
\openout3 = `Documento.toc'.



[6]

[1

]
Overfull \hbox (20.41115pt too wide) in paragraph at lines 299--300
\OT1/cmr/m/n/12 replica la forma ex-te-rior del movimiento, pero no com-prende 
sus de-talles biomec^^Sanicos.
 []


Overfull \hbox (0.42383pt too wide) in paragraph at lines 303--304
[]\OT1/cmr/bx/n/12 Aplicaci^^Son Web y Servi-dor de Proce-samiento: \OT1/cmr/m/
n/12 Ar-qui-tec-tura cliente-servidor
 []



[2]

[3]

[4]

[5]

LaTeX Warning: File `corpo.jpeg' not found on input line 394.


! Package pdftex.def Error: File `corpo.jpeg' not found: using draft setting.

See the pdftex.def package documentation for explanation.
Type  H <return>  for immediate help.
 ...                                              
                                                  
l.394 ...raphics[width=0.35\textwidth]{corpo.jpeg}
                                                  
Try typing  <return>  to proceed.
If that doesn't work, type  X <return>  to quit.


LaTeX Warning: File `KnockOut.jpg' not found on input line 396.


! Package pdftex.def Error: File `KnockOut.jpg' not found: using draft setting.


See the pdftex.def package documentation for explanation.
Type  H <return>  for immediate help.
 ...                                              
                                                  
l.396 ...phics[width=0.35\textwidth]{KnockOut.jpg}
                                                  
Try typing  <return>  to proceed.
If that doesn't work, type  X <return>  to quit.



[6

]

LaTeX Warning: File `Organigrama.png' not found on input line 424.


! Package pdftex.def Error: File `Organigrama.png' not found: using draft setti
ng.

See the pdftex.def package documentation for explanation.
Type  H <return>  for immediate help.
 ...                                              
                                                  
l.424 ...cs[width=0.85\textwidth]{Organigrama.png}
                                                  
Try typing  <return>  to proceed.
If that doesn't work, type  X <return>  to quit.



[7]

[8]

LaTeX Warning: File `Flujo del negocio.png' not found on input line 434.


! Package pdftex.def Error: File `Flujo del negocio.png' not found: using draft
 setting.

See the pdftex.def package documentation for explanation.
Type  H <return>  for immediate help.
 ...                                              
                                                  
l.434 ...th=0.95\textwidth]{Flujo del negocio.png}
                                                  
Try typing  <return>  to proceed.
If that doesn't work, type  X <return>  to quit.



[9]
Overfull \hbox (79.4162pt too wide) in paragraph at lines 454--455
\OT1/cmr/m/n/12 ple-men-tado en el con-tro-lador Eval-u-a-cionCon-troller y ex-
puesto v^^S^^Pa POST /api/v1/alumno/evaluaciones. 
 []



[10]
Overfull \hbox (12.43248pt too wide) in paragraph at lines 477--477
[]\OT1/cmr/bx/n/14.4 Estimaci^^Son de Pose Cor-po-rales y Pro-fun-di-dad M^^Set
rica
 []



[11]

[12]
Underfull \hbox (badness 4429) in paragraph at lines 519--519
[]|\OT1/cmr/m/n/10.95 YOLO26x-Pose +
 []


Underfull \hbox (badness 10000) in paragraph at lines 519--519
[]|\OT1/cmr/m/n/10.95 MediaPipe
 []


Underfull \hbox (badness 10000) in paragraph at lines 519--519
[]|\OT1/cmr/m/n/10.95 Falla con so-la-
 []


Underfull \hbox (badness 6493) in paragraph at lines 519--519
\OT1/cmr/m/n/10.95 pamiento de dos
 []


Underfull \hbox (badness 5203) in paragraph at lines 519--519
[]|\OT1/cmr/m/n/10.95 Bueno pero muy
 []


Underfull \hbox (badness 10000) in paragraph at lines 519--519
[]|\OT1/cmr/m/n/10.95 Profundidad
 []


Underfull \hbox (badness 10000) in paragraph at lines 519--519
\OT1/cmr/m/n/10.95 m^^Setrica real $\OML/cmm/m/it/10.95 Z$
 []


Underfull \hbox (badness 10000) in paragraph at lines 519--519
[]|\OT1/cmr/m/n/10.95 Sin pro-fun-di-dad
 []


Underfull \hbox (badness 10000) in paragraph at lines 519--519
[]|\OT1/cmr/m/n/10.95 Requiere cal-i-
 []


Underfull \hbox (badness 10000) in paragraph at lines 519--519
[]|\OT1/cmr/m/n/10.95 Inferencia
 []


Underfull \hbox (badness 10000) in paragraph at lines 519--519
\OT1/cmr/m/n/10.95 sincr^^Sonica en
 []


Underfull \hbox (badness 1902) in paragraph at lines 519--519
\OT1/cmr/m/n/10.95 tiempo real so-bre
 []


Underfull \hbox (badness 10000) in paragraph at lines 519--519
[]|\OT1/cmr/m/n/10.95 Muy r^^Sapida en
 []


Underfull \hbox (badness 10000) in paragraph at lines 519--519
[]|\OT1/cmr/m/n/10.95 Latencia el-e-vada
 []



[13]
Overfull \hbox (143.93286pt too wide) in paragraph at lines 526--527
\OT1/cmtt/m/n/12 AdaptadorYOLO \OT1/cmr/m/n/12 con \OT1/cmtt/m/n/12 MockYOLOEng
ine \OT1/cmr/m/n/12 como fall-back (ver \OT1/cmtt/m/n/12 src/infrastructure/ada
pters/yolo[]adapter.py\OT1/cmr/m/n/12 ). 
 []


Overfull \hbox (14.10904pt too wide) in paragraph at lines 529--529
[]\OT1/cmr/bx/n/14.4 Infraestructura de In-fer-en-cia GPU en la Nube: Google
 []


Overfull \hbox (58.70001pt too wide) in paragraph at lines 551--551
[]\OT1/cmr/bx/n/17.28 L^^Sogica Es-pa-cial La-tente y Al-go-rit-mos Biomec^^San
icos 
 []



[14]

[15]
Overfull \hbox (0.58592pt too wide) in paragraph at lines 603--604
\OT1/cmr/m/n/12 Se se-lec-cion^^So \OT1/cmr/bx/n/12 Post-greSQL \OT1/cmr/m/n/12
 es-truc-turado en Ter-cera Forma Nor-mal (3FN / BCNF)
 []



[16]
Overfull \hbox (21.35918pt too wide) in paragraph at lines 614--614
[]\OT1/cmr/bx/n/14.4 Interfaz de Usuario: Apli-caci^^Son Web Pro-gre-siva (PWA)
 
 []


Overfull \hbox (4.87662pt too wide) in paragraph at lines 617--618
\OT1/cmr/m/n/12 Se se-lec-cion^^So una **Apli-caci^^Son Web Pro-gre-siva (PWA)*
* de-sar-rol-lada con HTML5,
 []



[17]
Overfull \hbox (2.26793pt too wide) in paragraph at lines 650--651
\OT1/cmr/m/n/12 El sis-tema de-nom-i-nado \OT1/cmr/bx/n/12 BJJ Biome-chan-ics \
OT1/cmr/m/n/12 es una plataforma de soft-ware cliente-
 []



[18

]

[19]
Overfull \hbox (2.17235pt too wide) in paragraph at lines 682--683
[]\OT1/cmr/bx/n/12 Evaluaci^^Son Biomec^^Sanica Aut^^Sonoma (CU-02): \OT1/cmr/m
/n/12 Com-paraci^^Son cinem^^Satica
 []


Overfull \hbox (0.93747pt too wide) in paragraph at lines 691--692
[]\OT1/cmr/bx/n/12 Administradora: \OT1/cmr/m/n/12 Rol or-ga-ni-za-cional EX-TE
RNO al soft-ware (in-scrip-ciones,
 []



[20]
Overfull \hbox (3.81277pt too wide) in paragraph at lines 698--699
[]\OT1/cmr/m/n/12 L^^S^^Pmite de res-oluci^^Son y for-mato de video so-por-tado
 (MP4/WebM hasta 1080p). 
 []



[21]
Overfull \hbox (8.99437pt too wide) in paragraph at lines 740--741
\OT1/cmr/m/n/12 Gem-i-niS-er-viceAdapter.generar[]consejo(). Si el parseo falla
, se usa fall-back[]dict
 []


Overfull \hbox (54.64308pt too wide) in paragraph at lines 741--742
\OT1/cmr/m/n/12 copg2.extras.Json. Im-ple-men-tado en Post-gresHis-to-ri-al-Rep
os-i-tory.guardar[]evaluacion(). 
 []



[22]

[23]

[24]
Overfull \hbox (1.11201pt too wide) in paragraph at lines 793--794
[]\OT1/cmr/m/it/12 Gesti^^Son de Cuen-tas y Se-guri-dad: \OT1/cmr/m/n/12 Au-t-e
n-ti-caci^^Son se-gura de usuar-ios (JWT
 []


Overfull \hbox (5.23068pt too wide) in paragraph at lines 811--812
[]\OT1/cmr/m/it/12 Recalibraci^^Son Au-tom^^Satica de Cen-troide: \OT1/cmr/m/n/
12 Rec^^Salculo aut^^Sonomo del est^^Sandar
 []



[25]
! You can't use `\unskip' in vertical mode.
\endminipage ->\par \unskip 
                            \ifvoid \@mpfootins \else \vskip \skip \@mpfooti...
l.823     \end{minipage}
                        %
Sorry...I usually can't take things from the current page.
Try `I\vskip-\lastskip' instead.

! Too many }'s.
\endminipage ...pagefalse \color@endgroup \egroup 
                                                  \expandafter \@iiiparbox \...
l.823     \end{minipage}
                        %
You've closed more groups than you opened.
Such booboos are generally harmless, so keep going.

! Undefined control sequence.
\endminipage ...\expandafter \@iiiparbox \@mpargs 
                                                  {\unvbox \@tempboxa }
l.823     \end{minipage}
                        %
The control sequence at the end of the top line
of your error message was never \def'ed. If you have
misspelled it (e.g., `\hobx'), type `I' and the correct
spelling (e.g., `I\hbox'). Otherwise just continue,
and I'll forget about whatever was undefined.

! Argument of \@iiiparbox has an extra }.
<inserted text> 
                \par 
l.824     }
           
I've run across a `}' that doesn't seem to match anything.
For example, `\def\a#1{...}' and `\a}' would produce
this error. If you simply proceed now, the `\par' that
I've just inserted will cause me to report a runaway
argument that might be the root of the problem. But if
your `}' was spurious, just type `2' and it will go away.

Runaway argument?
\@checkend {minipage}\endgroup \UseHook {env/minipage/after}\if@ignore \ETC.
! Paragraph ended before \@iiiparbox was complete.
<to be read again> 
                   \par 
l.824     }
           
I suspect you've forgotten a `}', causing me to apply this
control sequence to too much text. How can we recover?
My plan is to forget the whole thing and hope for the best.

! Too many }'s.
<recently read> }
                 
l.824     }
           
You've closed more groups than you opened.
Such booboos are generally harmless, so keep going.


! LaTeX Error: \caption outside float.

See the LaTeX manual or LaTeX Companion for explanation.
Type  H <return>  for immediate help.
 ...                                              
                                                  
l.825     \caption
                  {Representación Conceptual del Diagrama de Dominio del Si...

You're in trouble here.  Try typing  <return>  to proceed.
If that doesn't work, type  X <return>  to quit.

! Too many }'s.
\@endfloatbox ...pagefalse \outer@nobreak \egroup 
                                                  \color@endbox 
l.827 \end{figure}
                  
You've closed more groups than you opened.
Such booboos are generally harmless, so keep going.

! Extra \endgroup.
\color@endgroup ->\endgraf \@endpefalse \endgroup 
                                                  
l.827 \end{figure}
                  
Things are pretty mixed up, but I think the worst is over.

! Too many }'s.
\color@endbox ->\color@endgroup \egroup 
                                        
l.827 \end{figure}
                  
You've closed more groups than you opened.
Such booboos are generally harmless, so keep going.


! LaTeX Error: \begin{document} ended by \end{figure}.

See the LaTeX manual or LaTeX Companion for explanation.
Type  H <return>  for immediate help.
 ...                                              
                                                  
l.827 \end{figure}
                  
Your command was ignored.
Type  I <command> <return>  to replace it with another command,
or  <return>  to continue without it.

! Extra \endgroup.
\end  ...end#1\endcsname \@checkend {#1}\endgroup 
                                                  \UseHook {env/#1/after}\if...
l.827 \end{figure}
                  
Things are pretty mixed up, but I think the worst is over.



[26] (/usr/share/texlive/texmf-dist/tex/latex/base/omscmr.fd)
Underfull \hbox (badness 10000) in paragraph at lines 846--846
[]|\OT1/cmr/m/n/10.95 POST
 []


Overfull \hbox (4.33885pt too wide) in paragraph at lines 846--846
\OT1/cmr/m/n/10.95 /api/v1/profesor/tecnicas| 
 []


Overfull \hbox (8.96214pt too wide) in paragraph at lines 846--846
[]|\OT1/cmr/m/n/10.95 PostgresTecnicaRepository| 
 []


Underfull \hbox (badness 10000) in paragraph at lines 846--846
[]|\OT1/cmr/m/n/10.95 POST
 []


Overfull \hbox (22.46722pt too wide) in paragraph at lines 846--846
\OT1/cmr/m/n/10.95 /api/v1/alumno/evaluaciones| 
 []


Overfull \hbox (13.9201pt too wide) in paragraph at lines 846--846
[]|\OT1/cmr/m/n/10.95 PostgresHistorialRepository| 
 []


Underfull \hbox (badness 10000) in paragraph at lines 846--846
[]|\OT1/cmr/m/n/10.95 ProfesorController +
 []


Overfull \hbox (20.04906pt too wide) in paragraph at lines 846--846
[]|\OT1/cmr/m/n/10.95 GET/POST/PUT/DELETE
 []


Overfull \hbox (13.8897pt too wide) in paragraph at lines 846--846
\OT1/cmr/m/n/10.95 /api/v1/profesor/profesores| 
 []


Overfull \hbox (12.27759pt too wide) in paragraph at lines 846--846
[]|\OT1/cmr/m/n/10.95 PostgresProfesorRepository| 
 []


Underfull \hbox (badness 10000) in paragraph at lines 846--846
[]|\OT1/cmr/m/n/10.95 GET
 []


Overfull \hbox (29.5239pt too wide) in paragraph at lines 846--846
\OT1/cmr/m/n/10.95 /api/v1/alumno/\OMS/cmsy/m/n/10.95 f\OT1/cmr/m/n/10.95 id\OM
S/cmsy/m/n/10.95 g\OT1/cmr/m/n/10.95 /progreso| 
 []


Overfull \hbox (13.9201pt too wide) in paragraph at lines 846--846
[]|\OT1/cmr/m/n/10.95 PostgresHistorialRepository| 
 []


Underfull \hbox (badness 10000) in paragraph at lines 846--846
[]|\OT1/cmr/m/n/10.95 POST
 []


Overfull \hbox (70.55597pt too wide) in paragraph at lines 846--846
[]|\OT1/cmr/m/n/10.95 PostgresFuenteConocimientoRepository
 []



[27]

[28] (./Documento.aux)
 ***********
LaTeX2e <2024-11-01> patch level 2
L3 programming layer <2025-01-18>
 ***********


LaTeX Warning: Label(s) may have changed. Rerun to get cross-references right.

 ) 
Here is how much of TeX's memory you used:
 3810 strings out of 475178
 57501 string characters out of 5766539
 455111 words of memory out of 5000000
 26763 multiletter control sequences out of 15000+600000
 572371 words of font info for 88 fonts, out of 8000000 for 9000
 14 hyphenation exceptions out of 8191
 57i,11n,65p,1043b,431s stack positions out of 10000i,1000n,20000p,200000b,200000s
 </home/santiago/.texlive2025/texmf-var/fonts/pk/ljfour/jknappen/ec/tcrm1200.
600pk></usr/share/texlive/texmf-dist/fonts/type1/public/amsfonts/cm/cmbx10.pfb>
</usr/share/texlive/texmf-dist/fonts/type1/public/amsfonts/cm/cmbx12.pfb></usr/
share/texlive/texmf-dist/fonts/type1/public/amsfonts/cm/cmex10.pfb></usr/share/
texlive/texmf-dist/fonts/type1/public/amsfonts/cm/cmmi10.pfb></usr/share/texliv
e/texmf-dist/fonts/type1/public/amsfonts/cm/cmmi12.pfb></usr/share/texlive/texm
f-dist/fonts/type1/public/amsfonts/cm/cmmi8.pfb></usr/share/texlive/texmf-dist/
fonts/type1/public/amsfonts/cm/cmr10.pfb></usr/share/texlive/texmf-dist/fonts/t
ype1/public/amsfonts/cm/cmr12.pfb></usr/share/texlive/texmf-dist/fonts/type1/pu
blic/amsfonts/cm/cmr7.pfb></usr/share/texlive/texmf-dist/fonts/type1/public/ams
fonts/cm/cmr8.pfb></usr/share/texlive/texmf-dist/fonts/type1/public/amsfonts/cm
/cmsy10.pfb></usr/share/texlive/texmf-dist/fonts/type1/public/amsfonts/cm/cmsy8
.pfb></usr/share/texlive/texmf-dist/fonts/type1/public/amsfonts/cm/cmti12.pfb><
/usr/share/texlive/texmf-dist/fonts/type1/public/amsfonts/cm/cmtt10.pfb></usr/s
hare/texlive/texmf-dist/fonts/type1/public/amsfonts/cm/cmtt12.pfb></usr/share/t
exlive/texmf-dist/fonts/type1/public/amsfonts/symbols/msbm10.pfb>
Output written on Documento.pdf (37 pages, 288022 bytes).
PDF statistics:
 214 PDF objects out of 1000 (max. 8388607)
 138 compressed objects within 2 object streams
 0 named destinations out of 1000 (max. 500000)
 6 words of extra memory for PDF output out of 10000 (max. 10000000)

