This is pdfTeX, Version 3.141592653-2.6-1.40.26 (TeX Live 2025/dev/Debian) (preloaded format=pdflatex 2026.9.14)  21 SEP 2026 18:32
entering extended mode
 restricted \write18 enabled.
 %&-line parsing enabled.
**Documento.tex
(./Documento.tex
LaTeX2e <2024-11-01> patch level 2
L3 programming layer <2025-01-18>
(/usr/share/texlive/texmf-dist/tex/latex/base/article.cls
Document Class: article 2024/06/29 v1.4n Standard LaTeX document class
(/usr/share/texlive/texmf-dist/tex/latex/base/size12.clo
File: size12.clo 2024/06/29 v1.4n Standard LaTeX file (size option)
)
\c@part=\count196
\c@section=\count197
\c@subsection=\count198
\c@subsubsection=\count199
\c@paragraph=\count266
\c@subparagraph=\count267
\c@figure=\count268
\c@table=\count269
\abovecaptionskip=\skip49
\belowcaptionskip=\skip50
\bibindent=\dimen141
)
(/usr/share/texlive/texmf-dist/tex/latex/base/inputenc.sty
Package: inputenc 2024/02/08 v1.3d Input encoding file
\inpenc@prehook=\toks17
\inpenc@posthook=\toks18
)
(/usr/share/texlive/texmf-dist/tex/latex/graphics/graphicx.sty
Package: graphicx 2021/09/16 v1.2d Enhanced LaTeX Graphics (DPC,SPQR)

(/usr/share/texlive/texmf-dist/tex/latex/graphics/keyval.sty
Package: keyval 2022/05/29 v1.15 key=value parser (DPC)
\KV@toks@=\toks19
)
(/usr/share/texlive/texmf-dist/tex/latex/graphics/graphics.sty
Package: graphics 2024/08/06 v1.4g Standard LaTeX Graphics (DPC,SPQR)

(/usr/share/texlive/texmf-dist/tex/latex/graphics/trig.sty
Package: trig 2023/12/02 v1.11 sin cos tan (DPC)
)
(/usr/share/texlive/texmf-dist/tex/latex/graphics-cfg/graphics.cfg
File: graphics.cfg 2016/06/04 v1.11 sample graphics configuration
)
Package graphics Info: Driver file: pdftex.def on input line 106.

(/usr/share/texlive/texmf-dist/tex/latex/graphics-def/pdftex.def
File: pdftex.def 2024/04/13 v1.2c Graphics/color driver for pdftex
))
\Gin@req@height=\dimen142
\Gin@req@width=\dimen143
)
(/usr/share/texlive/texmf-dist/tex/latex/float/float.sty
Package: float 2001/11/08 v1.3d Float enhancements (AL)
\c@float@type=\count270
\float@exts=\toks20
\float@box=\box52
\@float@everytoks=\toks21
\@floatcapt=\box53
)
(/usr/share/texlive/texmf-dist/tex/latex/psnfss/helvet.sty
Package: helvet 2020/03/25 PSNFSS-v9.3 (WaS) 
)
(/usr/share/texlive/texmf-dist/tex/latex/geometry/geometry.sty
Package: geometry 2020/01/02 v5.9 Page Geometry

(/usr/share/texlive/texmf-dist/tex/generic/iftex/ifvtex.sty
Package: ifvtex 2019/10/25 v1.7 ifvtex legacy package. Use iftex instead.

(/usr/share/texlive/texmf-dist/tex/generic/iftex/iftex.sty
Package: iftex 2024/12/12 v1.0g TeX engine tests
))
\Gm@cnth=\count271
\Gm@cntv=\count272
\c@Gm@tempcnt=\count273
\Gm@bindingoffset=\dimen144
\Gm@wd@mp=\dimen145
\Gm@odd@mp=\dimen146
\Gm@even@mp=\dimen147
\Gm@layoutwidth=\dimen148
\Gm@layoutheight=\dimen149
\Gm@layouthoffset=\dimen150
\Gm@layoutvoffset=\dimen151
\Gm@dimlist=\toks22
)
(/usr/share/texlive/texmf-dist/tex/latex/setspace/setspace.sty
Package: setspace 2022/12/04 v6.7b set line spacing
)
(/usr/share/texlive/texmf-dist/tex/latex/fancyhdr/fancyhdr.sty
Package: fancyhdr 2025/02/07 v5.2 Extensive control of page headers and footers

\f@nch@headwidth=\skip51
\f@nch@offset@elh=\skip52
\f@nch@offset@erh=\skip53
\f@nch@offset@olh=\skip54
\f@nch@offset@orh=\skip55
\f@nch@offset@elf=\skip56
\f@nch@offset@erf=\skip57
\f@nch@offset@olf=\skip58
\f@nch@offset@orf=\skip59
\f@nch@height=\skip60
\f@nch@footalignment=\skip61
\f@nch@widthL=\skip62
\f@nch@widthC=\skip63
\f@nch@widthR=\skip64
\@temptokenb=\toks23
)
(/usr/share/texlive/texmf-dist/tex/latex/tools/tabularx.sty
Package: tabularx 2023/12/11 v2.12a `tabularx' package (DPC)

(/usr/share/texlive/texmf-dist/tex/latex/tools/array.sty
Package: array 2024/10/17 v2.6g Tabular extension package (FMi)
\col@sep=\dimen152
\ar@mcellbox=\box54
\extrarowheight=\dimen153
\NC@list=\toks24
\extratabsurround=\skip65
\backup@length=\skip66
\ar@cellbox=\box55
)
\TX@col@width=\dimen154
\TX@old@table=\dimen155
\TX@old@col=\dimen156
\TX@target=\dimen157
\TX@delta=\dimen158
\TX@cols=\count274
\TX@ftn=\toks25
)
(/usr/share/texlive/texmf-dist/tex/latex/xltabular/xltabular.sty
Package: xltabular 2025/02/28 v0.2i `xltabular' package (hv,RN)

(/usr/share/texlive/texmf-dist/tex/latex/etoolbox/etoolbox.sty
Package: etoolbox 2025/02/11 v2.5l e-TeX tools for LaTeX (JAW)
\etb@tempcnta=\count275
)
(/usr/share/texlive/texmf-dist/tex/latex/ltablex/ltablex.sty
Package: ltablex 2014/08/13 v1.1 Modified tabularx

(/usr/share/texlive/texmf-dist/tex/latex/tools/longtable.sty
Package: longtable 2024-10-27 v4.22 Multi-page Table package (DPC)
\LTleft=\skip67
\LTright=\skip68
\LTpre=\skip69
\LTpost=\skip70
\LTchunksize=\count276
\LTcapwidth=\dimen159
\LT@head=\box56
\LT@firsthead=\box57
\LT@foot=\box58
\LT@lastfoot=\box59
\LT@gbox=\box60
\LT@cols=\count277
\LT@rows=\count278
\c@LT@tables=\count279
\c@LT@chunks=\count280
\LT@p@ftn=\toks26
)))
(/usr/share/texlive/texmf-dist/tex/latex/tocloft/tocloft.sty
Package: tocloft 2017/08/31 v2.3i parameterised ToC, etc., typesetting
Package tocloft Info: The document has section divisions on input line 51.
\cftparskip=\skip71
\cftbeforetoctitleskip=\skip72
\cftaftertoctitleskip=\skip73
\cftbeforepartskip=\skip74
\cftpartnumwidth=\skip75
\cftpartindent=\skip76
\cftbeforesecskip=\skip77
\cftsecindent=\skip78
\cftsecnumwidth=\skip79
\cftbeforesubsecskip=\skip80
\cftsubsecindent=\skip81
\cftsubsecnumwidth=\skip82
\cftbeforesubsubsecskip=\skip83
\cftsubsubsecindent=\skip84
\cftsubsubsecnumwidth=\skip85
\cftbeforeparaskip=\skip86
\cftparaindent=\skip87
\cftparanumwidth=\skip88
\cftbeforesubparaskip=\skip89
\cftsubparaindent=\skip90
\cftsubparanumwidth=\skip91
\cftbeforeloftitleskip=\skip92
\cftafterloftitleskip=\skip93
\cftbeforefigskip=\skip94
\cftfigindent=\skip95
\cftfignumwidth=\skip96
\c@lofdepth=\count281
\c@lotdepth=\count282
\cftbeforelottitleskip=\skip97
\cftafterlottitleskip=\skip98
\cftbeforetabskip=\skip99
\cfttabindent=\skip100
\cfttabnumwidth=\skip101
)
(/usr/share/texlive/texmf-dist/tex/latex/amsmath/amsmath.sty
Package: amsmath 2024/11/05 v2.17t AMS math features
\@mathmargin=\skip102

For additional information on amsmath, use the `?' option.
(/usr/share/texlive/texmf-dist/tex/latex/amsmath/amstext.sty
Package: amstext 2021/08/26 v2.01 AMS text

(/usr/share/texlive/texmf-dist/tex/latex/amsmath/amsgen.sty
File: amsgen.sty 1999/11/30 v2.0 generic functions
\@emptytoks=\toks27
\ex@=\dimen160
))
(/usr/share/texlive/texmf-dist/tex/latex/amsmath/amsbsy.sty
Package: amsbsy 1999/11/29 v1.2d Bold Symbols
\pmbraise@=\dimen161
)
(/usr/share/texlive/texmf-dist/tex/latex/amsmath/amsopn.sty
Package: amsopn 2022/04/08 v2.04 operator names
)
\inf@bad=\count283
LaTeX Info: Redefining \frac on input line 233.
\uproot@=\count284
\leftroot@=\count285
LaTeX Info: Redefining \overline on input line 398.
LaTeX Info: Redefining \colon on input line 409.
\classnum@=\count286
\DOTSCASE@=\count287
LaTeX Info: Redefining \ldots on input line 495.
LaTeX Info: Redefining \dots on input line 498.
LaTeX Info: Redefining \cdots on input line 619.
\Mathstrutbox@=\box61
\strutbox@=\box62
LaTeX Info: Redefining \big on input line 721.
LaTeX Info: Redefining \Big on input line 722.
LaTeX Info: Redefining \bigg on input line 723.
LaTeX Info: Redefining \Bigg on input line 724.
\big@size=\dimen162
LaTeX Font Info:    Redeclaring font encoding OML on input line 742.
LaTeX Font Info:    Redeclaring font encoding OMS on input line 743.
\macc@depth=\count288
LaTeX Info: Redefining \bmod on input line 904.
LaTeX Info: Redefining \pmod on input line 909.
LaTeX Info: Redefining \smash on input line 939.
LaTeX Info: Redefining \relbar on input line 969.
LaTeX Info: Redefining \Relbar on input line 970.
\c@MaxMatrixCols=\count289
\dotsspace@=\muskip17
\c@parentequation=\count290
\dspbrk@lvl=\count291
\tag@help=\toks28
\row@=\count292
\column@=\count293
\maxfields@=\count294
\andhelp@=\toks29
\eqnshift@=\dimen163
\alignsep@=\dimen164
\tagshift@=\dimen165
\tagwidth@=\dimen166
\totwidth@=\dimen167
\lineht@=\dimen168
\@envbody=\toks30
\multlinegap=\skip103
\multlinetaggap=\skip104
\mathdisplay@stack=\toks31
LaTeX Info: Redefining \[ on input line 2953.
LaTeX Info: Redefining \] on input line 2954.
)
(/usr/share/texlive/texmf-dist/tex/latex/amsfonts/amssymb.sty
Package: amssymb 2013/01/14 v3.01 AMS font symbols

(/usr/share/texlive/texmf-dist/tex/latex/amsfonts/amsfonts.sty
Package: amsfonts 2013/01/14 v3.01 Basic AMSFonts support
\symAMSa=\mathgroup4
\symAMSb=\mathgroup5
LaTeX Font Info:    Redeclaring math symbol \hbar on input line 98.
LaTeX Font Info:    Overwriting math alphabet `\mathfrak' in version `bold'
(Font)                  U/euf/m/n --> U/euf/b/n on input line 106.
))
LaTeX Font Info:    Trying to load font information for OT1+phv on input line 4
7.

(/usr/share/texlive/texmf-dist/tex/latex/psnfss/ot1phv.fd
File: ot1phv.fd 2020/03/25 scalable font definitions for OT1/phv.
)
(/usr/share/texlive/texmf-dist/tex/latex/l3backend/l3backend-pdftex.def
File: l3backend-pdftex.def 2024-05-08 L3 backend support: PDF output (pdfTeX)
\l__color_backend_stack_int=\count295
\l__pdf_internal_box=\box63
)
(./Documento.aux)
\openout1 = `Documento.aux'.

LaTeX Font Info:    Checking defaults for OML/cmm/m/it on input line 47.
LaTeX Font Info:    ... okay on input line 47.
LaTeX Font Info:    Checking defaults for OMS/cmsy/m/n on input line 47.
LaTeX Font Info:    ... okay on input line 47.
LaTeX Font Info:    Checking defaults for OT1/cmr/m/n on input line 47.
LaTeX Font Info:    ... okay on input line 47.
LaTeX Font Info:    Checking defaults for T1/cmr/m/n on input line 47.
LaTeX Font Info:    ... okay on input line 47.
LaTeX Font Info:    Checking defaults for TS1/cmr/m/n on input line 47.
LaTeX Font Info:    ... okay on input line 47.
LaTeX Font Info:    Checking defaults for OMX/cmex/m/n on input line 47.
LaTeX Font Info:    ... okay on input line 47.
LaTeX Font Info:    Checking defaults for U/cmr/m/n on input line 47.
LaTeX Font Info:    ... okay on input line 47.

(/usr/share/texlive/texmf-dist/tex/context/base/mkii/supp-pdf.mkii
[Loading MPS to PDF converter (version 2006.09.02).]
\scratchcounter=\count296
\scratchdimen=\dimen169
\scratchbox=\box64
\nofMPsegments=\count297
\nofMParguments=\count298
\everyMPshowfont=\toks32
\MPscratchCnt=\count299
\MPscratchDim=\dimen170
\MPnumerator=\count300
\makeMPintoPDFobject=\count301
\everyMPtoPDFconversion=\toks33
) (/usr/share/texlive/texmf-dist/tex/latex/epstopdf-pkg/epstopdf-base.sty
Package: epstopdf-base 2020-01-24 v2.11 Base part for package epstopdf
Package epstopdf-base Info: Redefining graphics rule for `.eps' on input line 4
85.

(/usr/share/texlive/texmf-dist/tex/latex/latexconfig/epstopdf-sys.cfg
File: epstopdf-sys.cfg 2010/07/13 v1.3 Configuration of (r)epstopdf for TeX Liv
e
))
*geometry* driver: auto-detecting
*geometry* detected driver: pdftex
*geometry* verbose mode - [ preamble ] result:
* driver: pdftex
* paper: letterpaper
* layout: <same size as paper>
* layoutoffset:(h,v)=(0.0pt,0.0pt)
* modes: includefoot 
* h-part:(L,W,R)=(113.81102pt, 429.3521pt, 71.13188pt)
* v-part:(T,H,B)=(71.13188pt, 652.70622pt, 71.13188pt)
* \paperwidth=614.295pt
* \paperheight=794.96999pt
* \textwidth=429.3521pt
* \textheight=622.70622pt
* \oddsidemargin=41.54103pt
* \evensidemargin=41.54103pt
* \topmargin=-38.1381pt
* \headheight=12.0pt
* \headsep=25.0pt
* \topskip=12.0pt
* \footskip=30.0pt
* \marginparwidth=44.0pt
* \marginparsep=10.0pt
* \columnsep=10.0pt
* \skip\footins=10.8pt plus 4.0pt minus 2.0pt
* \hoffset=0.0pt
* \voffset=0.0pt
* \mag=1000
* \@twocolumnfalse
* \@twosidefalse
* \@mparswitchfalse
* \@reversemarginfalse
* (1in=72.27pt=25.4mm, 1cm=28.453pt)

<Figuras/UpsaLogo.png, id=1, 339.2675pt x 149.55875pt>
File: Figuras/UpsaLogo.png Graphic file (type png)
<use Figuras/UpsaLogo.png>
Package pdftex.def Info: Figuras/UpsaLogo.png  used on input line 59.
(pdftex.def)             Requested size: 180.32709pt x 79.49168pt.


[1

{/var/lib/texmf/fonts/map/pdftex/updmap/pdftex.map}{/usr/share/texlive/texmf-di
st/fonts/enc/dvips/base/8r.enc} <./Figuras/UpsaLogo.png>]
File: Figuras/UpsaLogo.png Graphic file (type png)
<use Figuras/UpsaLogo.png>
Package pdftex.def Info: Figuras/UpsaLogo.png  used on input line 104.
(pdftex.def)             Requested size: 180.32709pt x 79.49168pt.


[1

]

[1

]
LaTeX Font Info:    Font shape `OT1/phv/m/it' in size <12> not available
(Font)              Font shape `OT1/phv/m/sl' tried instead on input line 183.


[2

] (/usr/share/texlive/texmf-dist/tex/latex/amsfonts/umsa.fd)
(/usr/share/texlive/texmf-dist/tex/latex/amsfonts/umsb.fd)

[3

]

[4]

[5

] (./Documento.toc

[6

]

[7]
Underfull \hbox (badness 1142) in paragraph at lines 62--62
 [][] []\OT1/phv/m/n/12 SSD para el Caso de Uso CU-02: Eval-uar Eje-cuci[]on 
 []

)
\tf@toc=\write3
\openout3 = `Documento.toc'.



[8]

[1

]
LaTeX Font Info:    Trying to load font information for TS1+phv on input line 2
98.
 (/usr/share/texlive/texmf-dist/tex/latex/psnfss/ts1phv.fd
File: ts1phv.fd 2020/03/25 scalable font definitions for TS1/phv.
)

[2]

[3]

[4]

[5]

[6]
Underfull \hbox (badness 2368) in paragraph at lines 364--365
[]\OT1/phv/m/n/12 Integrar el mo-tor gen-er-a-tivo Gem-ini 2.5 Flash para emi-t
ir re-portes
 []



[7]
<Figuras/corpo.jpeg, id=62, 225.84375pt x 225.84375pt>
File: Figuras/corpo.jpeg Graphic file (type jpg)
<use Figuras/corpo.jpeg>
Package pdftex.def Info: Figuras/corpo.jpeg  used on input line 396.
(pdftex.def)             Requested size: 150.27585pt x 150.28413pt.
<Figuras/KnockOut.jpg, id=63, 200.75pt x 200.75pt>
File: Figuras/KnockOut.jpg Graphic file (type jpg)
<use Figuras/KnockOut.jpg>
Package pdftex.def Info: Figuras/KnockOut.jpg  used on input line 398.
(pdftex.def)             Requested size: 150.27585pt x 150.28642pt.


[8

]
Underfull \hbox (badness 10000) in paragraph at lines 403--403
[]\OT1/phv/b/n/17.28 Estructura Org[]anica (Or-gan-i-grama In-sti-tu-
 []

<Figuras/Organigrama.png, id=67, 993.7125pt x 1505.625pt>
File: Figuras/Organigrama.png Graphic file (type png)
<use Figuras/Organigrama.png>
Package pdftex.def Info: Figuras/Organigrama.png  used on input line 407.
(pdftex.def)             Requested size: 364.95189pt x 552.96019pt.


[9 <./Figuras/corpo.jpeg> <./Figuras/KnockOut.jpg>]
Overfull \vbox (55.99985pt too high) has occurred while \output is active []



[10 <./Figuras/Organigrama.png (PNG copy)>]
<Figuras/Flujo del negocio.png, id=75, 4245.8625pt x 2209.25375pt>
File: Figuras/Flujo del negocio.png Graphic file (type png)
<use Figuras/Flujo del negocio.png>
Package pdftex.def Info: Figuras/Flujo del negocio.png  used on input line 418.

(pdftex.def)             Requested size: 407.88318pt x 212.2073pt.


[11 <./Figuras/Flujo del negocio.png>]
Underfull \hbox (badness 10000) in paragraph at lines 438--438
[]\OT1/phv/b/n/17.28 Fundamentos Te[]oricos del Ne-go-cio y la
 []



[12

]
Underfull \hbox (badness 3312) in paragraph at lines 449--450
[]\OT1/phv/b/n/12 Ejercicios in-di-vid-uales (Solo Drills): \OT1/phv/m/n/12 mov
imien-tos eje-cu-ta-dos sin
 []

LaTeX Font Info:    Font shape `OT1/phv/b/it' in size <14.4> not available
(Font)              Font shape `OT1/phv/b/sl' tried instead on input line 455.
LaTeX Font Info:    Font shape `OT1/phv/b/it' in size <12> not available
(Font)              Font shape `OT1/phv/b/sl' tried instead on input line 457.


[13]

[14]
Underfull \hbox (badness 10000) in paragraph at lines 490--491
[]\OT1/phv/b/n/12 Fragmentaci[]on sem[]antica: \OT1/cmtt/m/n/12 ChunkerSemantic
oBJJ \OT1/phv/m/n/12 con \OT1/cmtt/m/n/12 Recursive
 []


Underfull \hbox (badness 2726) in paragraph at lines 492--493
[]\OT1/phv/b/n/12 Almacenamiento vec-to-rial: \OT1/phv/m/n/12 Qdrant lo-cal (co
lecci[]on \OT1/cmtt/m/n/12 bjj[]knowledge\OT1/phv/m/n/12 ,
 []


Underfull \hbox (badness 10000) in paragraph at lines 493--494
[]\OT1/phv/b/n/12 Persistencia rela-cional: \OT1/phv/m/n/12 Post-greSQL en BCNF
 (tabla \OT1/cmtt/m/n/12 fuentes[]
 []

<Figuras/Arquitectura.png, id=97, 1573.88pt x 451.6875pt>
File: Figuras/Arquitectura.png Graphic file (type png)
<use Figuras/Arquitectura.png>
Package pdftex.def Info: Figuras/Arquitectura.png  used on input line 503.
(pdftex.def)             Requested size: 407.88318pt x 117.0569pt.


[15]

[16 <./Figuras/Arquitectura.png (PNG copy)>]

[17]
Underfull \hbox (badness 10000) in paragraph at lines 546--546
[]\OT1/phv/b/n/17.28 L[]ogica Es-pa-cial La-tente y Al-go-rit-mos
 []



[18]

[19]

[20]

[21]
<Figuras/DTW_Align.png, id=125, 1316.92pt x 1911.14pt>
File: Figuras/DTW_Align.png Graphic file (type png)
<use Figuras/DTW_Align.png>
Package pdftex.def Info: Figuras/DTW_Align.png  used on input line 621.
(pdftex.def)             Requested size: 407.88318pt x 591.92238pt.


[22]
Overfull \vbox (8.41405pt too high) has occurred while \output is active []



[23 <./Figuras/DTW_Align.png (PNG copy)>]

[24]

[25]

[26]

[27]

[28]

[29

]
Underfull \hbox (badness 3138) in paragraph at lines 732--733
\OT1/phv/b/n/12 Pose y YOLO26x-Depth\OT1/phv/m/n/12 ). In-cluyen la redacci[]on
 de di-agn[]osticos
 []



[30]

[31]

[32]

[33]

[34]

[35]

[36]

[37]

[38]
Underfull \hbox (badness 1527) in paragraph at lines 925--925
[]\OT1/phv/m/n/10 Tabla 5: Cat[]alogo de Req-ui-si-tos Fun-cionales, Cri-te-rio
s de
 []


Overfull \hbox (6.02924pt too wide) in paragraph at lines 925--925
 []|\OT1/phv/b/n/10 Trazabilidad| 
 []


Overfull \hbox (6.02924pt too wide) in paragraph at lines 925--925
 []|\OT1/phv/b/n/10 Trazabilidad| 
 []



[39] [40] [41] [42] [43] [44] [45]

[46]
LaTeX Font Info:    Font shape `OT1/phv/b/it' in size <10> not available
(Font)              Font shape `OT1/phv/b/sl' tried instead on input line 946.


[47

]

[48]

[49] [50]

[51]
<Figuras/Dominio.png, id=226, 1573.88pt x 2487.2925pt>
File: Figuras/Dominio.png Graphic file (type png)
<use Figuras/Dominio.png>
Package pdftex.def Info: Figuras/Dominio.png  used on input line 1035.
(pdftex.def)             Requested size: 256.1007pt x 404.73056pt.


[52

]
Underfull \hbox (badness 1783) in paragraph at lines 1040--1041
[]\OT1/phv/m/n/10 Como se ob-serva en la Figura 6[], el n[]ucleo del do-minio s
e cen-tra en la en-ti-dad
 []



[53 <./Figuras/Dominio.png (PNG copy)>]
<Figuras/SSD_CU02.png, id=233, 1234.6125pt x 1226.5825pt>
File: Figuras/SSD_CU02.png Graphic file (type png)
<use Figuras/SSD_CU02.png>
Package pdftex.def Info: Figuras/SSD_CU02.png  used on input line 1054.
(pdftex.def)             Requested size: 386.41426pt x 383.905pt.


[54]

[55 <./Figuras/SSD_CU02.png (PNG copy)>]
Overfull \hbox (1.82486pt too wide) in paragraph at lines 1084--1084
[]|\OT1/phv/b/n/10.95 Postcondiciones| 
 []


Overfull \hbox (1.82486pt too wide) in paragraph at lines 1116--1116
[]|\OT1/phv/b/n/10.95 Postcondiciones| 
 []



[56]

[57]
<Figuras/Interaccion_CU02.png, id=247, 1573.88pt x 796.9775pt>
File: Figuras/Interaccion_CU02.png Graphic file (type png)
<use Figuras/Interaccion_CU02.png>
Package pdftex.def Info: Figuras/Interaccion_CU02.png  used on input line 1147.

(pdftex.def)             Requested size: 429.3521pt x 217.41223pt.


[58 <./Figuras/Interaccion_CU02.png (PNG copy)>]
<Figuras/DCD_CU02.png, id=251, 1573.88pt x 570.13pt>
File: Figuras/DCD_CU02.png Graphic file (type png)
<use Figuras/DCD_CU02.png>
Package pdftex.def Info: Figuras/DCD_CU02.png  used on input line 1172.
(pdftex.def)             Requested size: 429.3521pt x 155.52916pt.


[59]

[60 <./Figuras/DCD_CU02.png (PNG copy)>]
File: Figuras/Arquitectura.png Graphic file (type png)
<use Figuras/Arquitectura.png>
Package pdftex.def Info: Figuras/Arquitectura.png  used on input line 1201.
(pdftex.def)             Requested size: 429.3521pt x 123.21852pt.


[61]
<Figuras/Despliegue.png, id=261, 1573.88pt x 865.2325pt>
File: Figuras/Despliegue.png Graphic file (type png)
<use Figuras/Despliegue.png>
Package pdftex.def Info: Figuras/Despliegue.png  used on input line 1224.
(pdftex.def)             Requested size: 429.3521pt x 236.03192pt.


[62]

[63 <./Figuras/Despliegue.png (PNG copy)>]

[64]

[65]

[66]
Underfull \hbox (badness 1694) in paragraph at lines 1289--1290
[]\OT1/phv/b/n/10 Postcondiciones\OT1/phv/m/n/10 : Se re-torn[]o un re-sumen es
-tad[]^^Pstico con-sol-i-dando to-das las in-
 []


Underfull \hbox (badness 2343) in paragraph at lines 1289--1290
\OT1/phv/m/n/10 stan-cias de \OT1/cmtt/m/n/10 EvaluacionAlumno \OT1/phv/m/n/10 
aso-ci-adas a \OT1/cmtt/m/n/10 id[]tecnica\OT1/phv/m/n/10 , agru-pando las fal-
las de
 []



[67] (./Documento.aux)
 ***********
LaTeX2e <2024-11-01> patch level 2
L3 programming layer <2025-01-18>
 ***********


LaTeX Warning: Label(s) may have changed. Rerun to get cross-references right.

 ) 
Here is how much of TeX's memory you used:
 4860 strings out of 475178
 73790 string characters out of 5766539
 569613 words of memory out of 5000000
 27759 multiletter control sequences out of 15000+600000
 604226 words of font info for 130 fonts, out of 8000000 for 9000
 14 hyphenation exceptions out of 8191
 57i,13n,65p,1475b,504s stack positions out of 10000i,1000n,20000p,200000b,200000s
</usr/share/texlive/texmf-dist/fonts/type1/public/amsfonts/cm/cmbx12.pfb></us
r/share/texlive/texmf-dist/fonts/type1/public/amsfonts/cm/cmex10.pfb></usr/shar
e/texlive/texmf-dist/fonts/type1/public/amsfonts/cm/cmmi10.pfb></usr/share/texl
ive/texmf-dist/fonts/type1/public/amsfonts/cm/cmmi12.pfb></usr/share/texlive/te
xmf-dist/fonts/type1/public/amsfonts/cm/cmmi6.pfb></usr/share/texlive/texmf-dis
t/fonts/type1/public/amsfonts/cm/cmmi8.pfb></usr/share/texlive/texmf-dist/fonts
/type1/public/amsfonts/cm/cmmib10.pfb></usr/share/texlive/texmf-dist/fonts/type
1/public/amsfonts/cm/cmr10.pfb></usr/share/texlive/texmf-dist/fonts/type1/publi
c/amsfonts/cm/cmr12.pfb></usr/share/texlive/texmf-dist/fonts/type1/public/amsfo
nts/cm/cmr8.pfb></usr/share/texlive/texmf-dist/fonts/type1/public/amsfonts/cm/c
msy10.pfb></usr/share/texlive/texmf-dist/fonts/type1/public/amsfonts/cm/cmsy8.p
fb></usr/share/texlive/texmf-dist/fonts/type1/public/amsfonts/cm/cmtt10.pfb></u
sr/share/texlive/texmf-dist/fonts/type1/public/amsfonts/cm/cmtt12.pfb></usr/sha
re/texlive/texmf-dist/fonts/type1/public/amsfonts/symbols/msbm10.pfb></usr/shar
e/texlive/texmf-dist/fonts/type1/urw/helvetic/uhvb8a.pfb></usr/share/texlive/te
xmf-dist/fonts/type1/urw/helvetic/uhvbo8a.pfb></usr/share/texlive/texmf-dist/fo
nts/type1/urw/helvetic/uhvr8a.pfb></usr/share/texlive/texmf-dist/fonts/type1/ur
w/helvetic/uhvro8a.pfb>
Output written on Documento.pdf (77 pages, 2465402 bytes).
PDF statistics:
 365 PDF objects out of 1000 (max. 8388607)
 231 compressed objects within 3 object streams
 0 named destinations out of 1000 (max. 500000)
 61 words of extra memory for PDF output out of 10000 (max. 10000000)

